Enter course link or path:
[1m[ ][0m Downloading:[2m bin/in/1.in
[0m[1F[2K[32m[1m[o][0m Downloaded:[2m bin/in/1.in
[0m[1m[ ][0m Downloading:[2m bin/ref/1.out
[0m[1F[2K[32m[1m[o][0m Downloaded:[2m bin/ref/1.out
[0m[1m[ ][0m Downloading:[2m bin/in/2.in
[0m[1F[2K[32m[1m[o][0m Downloaded:[2m bin/in/2.in
[0m[1m[ ][0m Downloading:[2m bin/ref/2.out
[0m[1F[2K[32m[1m[o][0m Downloaded:[2m bin/ref/2.out
[0m[1m[ ][0m Downloading:[2m bin/in/3.in
[0m[1F[2K[32m[1m[o][0m Downloaded:[2m bin/in/3.in
[0m[1m[ ][0m Downloading:[2m bin/ref/3.out
[0m[1F[2K[32m[1m[o][0m Downloaded:[2m bin/ref/3.out
[0m[1m[ ][0m Downloading:[2m bin/in/4.in
[0m[1F[2K[32m[1m[o][0m Downloaded:[2m bin/in/4.in
[0m[1m[ ][0m Downloading:[2m bin/ref/4.out
[0m[1F[2K[32m[1m[o][0m Downloaded:[2m bin/ref/4.out
[0m[1m[ ][0m Downloading:[2m bin/in/5.in
[0m[1F[2K[32m[1m[o][0m Downloaded:[2m bin/in/5.in
[0m[1m[ ][0m Downloading:[2m bin/ref/5.out
[0m[1F[2K[32m[1m[o][0m Downloaded:[2m bin/ref/5.out
[0m[1m[ ][0m Downloading:[2m bin/in/6.in
[0m[1F[2K[32m[1m[o][0m Downloaded:[2m bin/in/6.in
[0m[1m[ ][0m Downloading:[2m bin/ref/6.out
[0m[1F[2K[32m[1m[o][0m Downloaded:[2m bin/ref/6.out
[0m[1m[ ][0m Downloading:[2m bin/in/7.in
[0m[1F[2K[32m[1m[o][0m Downloaded:[2m bin/in/7.in
[0m[1m[ ][0m Downloading:[2m bin/ref/7.out
[0m[1F[2K[32m[1m[o][0m Downloaded:[2m bin/ref/7.out
[0m[1m[ ][0m Downloading:[2m bin/in/8.in
[0m[1F[2K[32m[1m[o][0m Downloaded:[2m bin/in/8.in
[0m[1m[ ][0m Downloading:[2m bin/ref/8.out
[0m[1F[2K[32m[1m[o][0m Downloaded:[2m bin/ref/8.out
[0m[1m[ ][0m Downloading:[2m bin/in/9.in
[0m[1F[2K[32m[1m[o][0m Downloaded:[2m bin/in/9.in
[0m[1m[ ][0m Downloading:[2m bin/ref/9.out
[0m[1F[2K[32m[1m[o][0m Downloaded:[2m bin/ref/9.out
[0m[1m[ ][0m Downloading:[2m bin/in/10.in
[0m[1F[2K[32m[1m[o][0m Downloaded:[2m bin/in/10.in
[0m[1m[ ][0m Downloading:[2m bin/ref/10.out
[0m[1F[2K[32m[1m[o][0m Downloaded:[2m bin/ref/10.out
[0m