Invalid usage, use --help for usage
[35mCompilation error[0m
Invalid usage, use --help for usage
Invalid usage, use --help for usage
Invalid usage, use --help for usage
